Energy | Free Energy | JobID | Solvent Name
-705.281783841415 | -704.85600362 | job_1 | "DIIODOMETHANE"
-705.289856438835 | -704.86375540 | job_10 | "N-DECANE"
-705.288237929625 | -704.86329620 | job_100 | "NITROMETHANE"
-705.292996137808 | -704.86781923 | job_101 | "1-BROMO-2-METHYLPROPANE"
-705.291007265377 | -704.86568173 | job_102 | "METHYL METHANOATE"
-705.291418777214 | -704.86608929 | job_103 | "DIBROMOMETHANE"
-705.292762565642 | -704.86740981 | job_104 | "ETHANETHIOL"
-705.289730001894 | -704.86471522 | job_105 | "NITROETHANE"
-705.290905947121 | -704.86585837 | job_106 | "NITROBENZENE"
-705.290545828810 | -704.86545748 | job_107 | "1-NITROPROPANE"
-705.290413391094 | -704.86517702 | job_108 | "ACETOPHENONE"
-705.291643411942 | -704.86627689 | job_109 | "ETHYL METHANOATE"
-705.290032947643 | -704.86395870 | job_11 | "N-UNDECANE"
-705.290719431370 | -704.86567429 | job_110 | "2-NITROPROPANE"
-705.291100538263 | -704.86602679 | job_111 | "BENZONITRILE"
-705.293383497718 | -704.86824176 | job_112 | "2-CHLOROBUTANE"
-705.294136625211 | -704.86902052 | job_113 | "1,1,1-TRICHLOROETHANE"
-705.293481789594 | -704.86840198 | job_114 | "1-CHLOROPROPANE"
-705.291600439228 | -704.86597784 | job_115 | "2,6-DIMETHYLPYRIDINE"
-705.291432520441 | -704.86607950 | job_116 | "PENTANAL"
-705.293485800714 | -704.86836224 | job_117 | "BROMOETHANE"
-705.293413538531 | -704.86826481 | job_118 | "2-BROMOPROPANE"
-705.291457866291 | -704.86604987 | job_119 | "2-OCTANONE"
-705.289740525618 | -704.86361403 | job_12 | "CIS-1,2-DIMETHYLCYCLOHEXANE"
-705.291408993078 | -704.86544788 | job_120 | "PENTYLAMINE"
-705.291792186457 | -704.86610260 | job_121 | "1,1,2-TRICHLOROETHANE"
-705.291291796290 | -704.86603168 | job_122 | "4-METHYLPYRIDINE"
-705.288930564988 | -704.86394485 | job_123 | "N,N-DIMETHYLFORMAMIDE"
-705.291405974746 | -704.86605203 | job_124 | "2,4-DIMETHYLPYRIDINE"
-705.288919558778 | -704.86322042 | job_125 | "ACETIC ACID"
-705.291419364811 | -704.86613502 | job_126 | "3-METHYLPYRIDINE"
-705.291405919706 | -704.86614215 | job_127 | "PYRIDINE"
-705.291485527794 | -704.86619217 | job_128 | "5-NONANONE"
-705.291640910145 | -704.86633743 | job_129 | "2-METHYLPYRIDINE"
-705.290094244398 | -704.86396278 | job_13 | "N-NONANE"
-705.281275977595 | -704.85605100 | job_130 | "FORMAMIDE"
-705.291445526700 | -704.86620426 | job_131 | "2-HEPTANONE"
-705.291964862654 | -704.86680245 | job_132 | "BENZALDEHYDE"
-705.291357691872 | -704.86634754 | job_133 | "BUTANONITRILE"
-705.294484804218 | -704.86906951 | job_134 | "CHLOROFORM"
-705.291881733722 | -704.86665175 | job_135 | "BUTANAL"
-705.291382853325 | -704.86546654 | job_136 | "BUTYLAMINE"
-705.291860191501 | -704.86660522 | job_137 | "4-HEPTANONE"
-705.291688548301 | -704.86649175 | job_138 | "2-HEXANONE"
-705.291241123375 | -704.86630789 | job_139 | "PROPANONITRILE"
-705.290294374504 | -704.86416769 | job_14 | "CYCLOPENTANE"
-705.289485701855 | -704.86447104 | job_140 | "N,N-DIMETHYLACETAMIDE"
-705.286211119974 | -704.86102662 | job_141 | "FORMIC ACID"
-705.291932398701 | -704.86682459 | job_142 | "1,2-DICHLOROETHANE"
-705.291630706848 | -704.86610248 | job_143 | "N-METHYLANILINE"
-705.292267459351 | -704.86699762 | job_144 | "4-METHYL-2-PENTANONE"
-705.291908638850 | -704.86677847 | job_145 | "3-PENTANONE"
-705.292354012804 | -704.86703040 | job_146 | "2-PENTANONE"
-705.292013794375 | -704.86670056 | job_147 | "BUTANONE"
-705.290535790763 | -704.86541350 | job_148 | "ACETONITRILE"
-705.291917253400 | -704.86627346 | job_149 | "PROPYLAMINE"
-705.290377175868 | -704.86425733 | job_15 | "N-OCTANE"
-705.292376548005 | -704.86733691 | job_150 | "PROPANAL"
-705.293566520361 | -704.86829126 | job_151 | "Z-1,2-DICHLOROETHENE"
-705.294197676669 | -704.86887597 | job_152 | "DICHLOROMETHANE"
-705.292083718920 | -704.86707591 | job_153 | "ACETONE"
-705.290916204555 | -704.86533656 | job_154 | "O-CRESOL"
-705.291036402627 | -704.86537044 | job_155 | "ANILINE"
-705.284190994682 | -704.85896544 | job_156 | "1,2-ETHANEDIOL"
-705.292884633402 | -704.86745765 | job_157 | "TRIBUTYLPHOSPHATE"
-705.275859304354 | -704.85065444 | job_158 | "WATER"
-705.291992629705 | -704.86646799 | job_159 | "M-CRESOL"
-705.286103334594 | -704.85957007 | job_16 | "1,4-DIOXANE"
-705.291581961337 | -704.86622660 | job_160 | "1-DECANOL"
-705.290656452217 | -704.86558596 | job_161 | "2,2,2-TRIFLUOROETHANOL"
-705.291989708545 | -704.86673003 | job_162 | "1-NONANOL"
-705.292435004765 | -704.86724127 | job_163 | "1-OCTANOL"
-705.291265519113 | -704.86616155 | job_164 | "CYCLOPENTANOL"
-705.292499325756 | -704.86729478 | job_165 | "BENZYL ALCOHOL"
-705.290630710579 | -704.86540417 | job_166 | "2-METHOXYETHANOL"
-705.292684578400 | -704.86753554 | job_167 | "1-HEPTANOL"
-705.293038222477 | -704.86796360 | job_168 | "1-HEXANOL"
-705.294421772239 | -704.86915900 | job_169 | "2-METHYL-2-PROPANOL"
-705.290167058903 | -704.86414190 | job_17 | "METHYLCYCLOHEXANE"
-705.293287303351 | -704.86827269 | job_170 | "1-PENTANOL"
-705.289722345849 | -704.86483298 | job_171 | "N-METHYLFORMAMIDE"
-705.293984378987 | -704.86903724 | job_172 | "2-BUTANOL"
-705.293398675832 | -704.86843794 | job_173 | "1-BUTANOL"
-705.293587555444 | -704.86853996 | job_174 | "2-PROPEN-1-OL"
-705.294194718963 | -704.86921777 | job_175 | "2-METHYL-1-PROPANOL"
-705.294403116660 | -704.86943622 | job_176 | "2-PROPANOL"
-705.293890911721 | -704.86892461 | job_177 | "1-PROPANOL"
-705.294132720165 | -704.86924350 | job_178 | "ETHANOL"
-705.293785762406 | -704.86881466 | job_179 | "METHANOL"
-705.290707880413 | -704.86456249 | job_18 | "N-HEPTANE"
-705.286622792273 | -704.86066445 | job_19 | "PENTANOIC ACID"
-705.288397469674 | -704.86244518 | job_2 | "CIS-DECALIN"
-705.291080274667 | -704.86492554 | job_20 | "N-HEXANE"
-705.291294280238 | -704.86513200 | job_21 | "2,4-DIMETHYLPENTANE"
-705.291577468084 | -704.86542749 | job_22 | "N-PENTANE"
-705.291410372253 | -704.86529658 | job_23 | "2-METHYLPENTANE"
-705.291297827910 | -704.86517666 | job_24 | "2,2,4-TRIMETHYLPENTANE"
-705.290718775663 | -704.86483585 | job_25 | "E-1,2-DICHLOROETHENE"
-705.291079839881 | -704.86510498 | job_26 | "TETRACHLOROETHENE"
-705.291868995903 | -704.86576506 | job_27 | "PERFLUOROBENZENE"
-705.291489455106 | -704.86546870 | job_28 | "1-HEXENE"
-705.292034194823 | -704.86593244 | job_29 | "1-PENTENE"
-705.289010325672 | -704.86289002 | job_3 | "N-HEXADECANE"
-705.290668130031 | -704.86453839 | job_30 | "N-BUTYLBENZENE"
-705.291923176100 | -704.86586611 | job_31 | "E-2-PENTENE"
-705.287217862736 | -704.86089155 | job_32 | "BUTANOIC ACID"
-705.290874914094 | -704.86474481 | job_33 | "SEC-BUTYLBENZENE"
-705.291194597863 | -704.86502393 | job_34 | "P-ISOPROPYLTOLUENE"
-705.291070008658 | -704.86491530 | job_35 | "TERT-BUTYLBENZENE"
-705.290935553559 | -704.86476342 | job_36 | "1,2,4-TRIMETHYLBENZENE"
-705.291228120142 | -704.86509442 | job_37 | "CARBON DISULFIDE"
-705.291305735012 | -704.86510858 | job_38 | "MESITYLENE"
-705.291487124570 | -704.86530728 | job_39 | "P-XYLENE"
-705.289099060979 | -704.86274430 | job_4 | "N-PENTADECANE"
-705.291327431624 | -704.86519404 | job_40 | "ISOPROPYLBENZENE"
-705.291455430105 | -704.86535062 | job_41 | "M-XYLENE"
-705.290300622085 | -704.86419753 | job_42 | "TETRALIN"
-705.291446655764 | -704.86532555 | job_43 | "XYLENE"
-705.280013021705 | -704.85486114 | job_44 | "TETRAHYDROTHIOPHENE-S,S-DIOXIDE"
-705.291465921078 | -704.86534898 | job_45 | "ETHYLBENZENE"
-705.289244359503 | -704.86349879 | job_46 | "1-IODOHEXADECANE"
-705.293050292830 | -704.86710138 | job_47 | "CARBON TETRACHLORIDE"
-705.291378258837 | -704.86526593 | job_48 | "O-XYLENE"
-705.292221661056 | -704.86612502 | job_49 | "TOLUENE"
-705.288690541994 | -704.86239584 | job_5 | "DECALIN"
-705.292849119534 | -704.86669966 | job_50 | "BENZENE"
-705.291868712715 | -704.86582723 | job_51 | "THIOPHENE"
-705.287613498228 | -704.86124282 | job_52 | "PROPANOIC ACID"
-705.289809835028 | -704.86381856 | job_53 | "DIBUTYLETHER"
-705.291576336400 | -704.86552795 | job_54 | "1-HEXYNE"
-705.290363440395 | -704.86409846 | job_55 | "TRIETHYLAMINE"
-705.291378033855 | -704.86579190 | job_56 | "1-FLUOROOCTANE"
-705.290680135507 | -704.86502473 | job_57 | "ANISOLE"
-705.290013643704 | -704.86426065 | job_58 | "BROMOFORM"
-705.290894784590 | -704.86564822 | job_59 | "1-BROMOOCTANE"
-705.289519960542 | -704.86343694 | job_6 | "N-DODECANE"
-705.291898226432 | -704.86644764 | job_60 | "IODOBENZENE"
-705.291082854573 | -704.86541750 | job_61 | "ETHYL PHENYL ETHER"
-705.292295462017 | -704.86654016 | job_62 | "TRICHLOROETHENE"
-705.289507733943 | -704.86394194 | job_63 | "1,2-DIBROMOETHANE"
-705.292175293286 | -704.86674901 | job_64 | "O-CHLOROTOLUENE"
-705.290342719771 | -704.86425563 | job_65 | "DIPROPYLAMINE"
-705.291443503776 | -704.86569496 | job_66 | "THIOPHENOL"
-705.291604427211 | -704.86638188 | job_67 | "1-IODOPENTANE"
-705.292440737257 | -704.86671949 | job_68 | "DIISOPROPYL ETHER"
-705.289774027387 | -704.86417412 | job_69 | "METHYL BENZOATE"
-705.288981580141 | -704.86267018 | job_7 | "TRANS-DECALIN"
-705.292629818945 | -704.86741853 | job_70 | "BROMOBENZENE"
-705.290736387193 | -704.86518099 | job_71 | "PENTYL ETHANOATE"
-705.291775504800 | -704.86655397 | job_72 | "1-CHLOROHEXANE"
-705.290803793992 | -704.86540744 | job_73 | "BUTYL ETHANOATE"
-705.291824555407 | -704.86657756 | job_74 | "1-BROMOPENTANE"
-705.292012566470 | -704.86672135 | job_75 | "1-IODOBUTANE"
-705.292014628711 | -704.86668119 | job_76 | "IODOMETHANE"
-705.291124189855 | -704.86563810 | job_77 | "A-CHLOROTOLUENE"
-705.292993368291 | -704.86763638 | job_78 | "CHLOROBENZENE"
-705.285471169478 | -704.86039789 | job_79 | "DIMETHYLSULFOXIDE"
-705.286244195499 | -704.86015705 | job_8 | "HEXANOIC ACID"
-705.292052531958 | -704.86672905 | job_80 | "1-IODOPROPANE"
-705.290964520853 | -704.86529846 | job_81 | "METHYL BUTANOATE"
-705.292297971271 | -704.86698840 | job_82 | "1-CHLOROPENTANE"
-705.290887293894 | -704.86551238 | job_83 | "DIMETHYL DISULFIDE"
-705.291194987138 | -704.86556571 | job_84 | "PROPYL ETHANOATE"
-705.289999294843 | -704.86481110 | job_85 | "O-NITROTOLUENE"
-705.292397903542 | -704.86708251 | job_86 | "IODOETHANE"
-705.292091872671 | -704.86654471 | job_87 | "DIETHYL SULFIDE"
-705.292454918092 | -704.86720129 | job_88 | "O-DICHLOROBENZENE"
-705.290992543054 | -704.86547660 | job_89 | "METHYL PROPANOATE"
-705.289712885871 | -704.86363019 | job_9 | "CYCLOHEXANE"
-705.290555519751 | -704.86506395 | job_90 | "TETRAHYDROFURAN"
-705.290788430072 | -704.86532509 | job_91 | "METHYL ETHANOATE"
-705.291271191075 | -704.86579302 | job_92 | "ETHYL ETHANOATE"
-705.292909274364 | -704.86741677 | job_93 | "DIETHYL ETHER"
-705.295446370822 | -704.86969334 | job_94 | "DIPHENYLETHER"
-705.289146680842 | -704.86400237 | job_95 | "CYCLOHEXANONE"
-705.289544526863 | -704.86424246 | job_96 | "CYCLOPENTANONE"
-705.291529617563 | -704.86563653 | job_97 | "DIETHYLAMINE"
-705.292710356173 | -704.86752377 | job_98 | "1-BROMOPROPANE"
-705.294295459068 | -704.86902719 | job_99 | "FLUOROBENZENE"
