Energy | Free Energy | JobID | Solvent Name
-783.889913467704 | -783.40951204 | job_1 | "DIIODOMETHANE"
-783.899009313805 | -783.41890085 | job_10 | "N-DECANE"
-783.896907932553 | -783.41777302 | job_100 | "NITROMETHANE"
-783.902302852920 | -783.42285050 | job_101 | "1-BROMO-2-METHYLPROPANE"
-783.900046301776 | -783.42043699 | job_102 | "METHYL METHANOATE"
-783.900516983576 | -783.42096127 | job_103 | "DIBROMOMETHANE"
-783.902038825664 | -783.42238562 | job_104 | "ETHANETHIOL"
-783.898592407864 | -783.41960282 | job_105 | "NITROETHANE"
-783.899933554177 | -783.42071173 | job_106 | "NITROBENZENE"
-783.899516509277 | -783.42028591 | job_107 | "1-NITROPROPANE"
-783.899374290701 | -783.41997313 | job_108 | "ACETOPHENONE"
-783.900756834840 | -783.42107995 | job_109 | "ETHYL METHANOATE"
-783.899208225547 | -783.41910458 | job_11 | "N-UNDECANE"
-783.899703754344 | -783.42049671 | job_110 | "2-NITROPROPANE"
-783.900144361905 | -783.42082058 | job_111 | "BENZONITRILE"
-783.902722352525 | -783.42329154 | job_112 | "2-CHLOROBUTANE"
-783.903576947458 | -783.42421533 | job_113 | "1,1,1-TRICHLOROETHANE"
-783.902832798524 | -783.42351143 | job_114 | "1-CHLOROPROPANE"
-783.900705525604 | -783.42093694 | job_115 | "2,6-DIMETHYLPYRIDINE"
-783.900509166210 | -783.42106578 | job_116 | "PENTANAL"
-783.902835370282 | -783.42336900 | job_117 | "BROMOETHANE"
-783.902750896931 | -783.42325559 | job_118 | "2-BROMOPROPANE"
-783.900535246644 | -783.42099560 | job_119 | "2-OCTANONE"
-783.898876268751 | -783.41882259 | job_12 | "CIS-1,2-DIMETHYLCYCLOHEXANE"
-783.900449617314 | -783.42039762 | job_120 | "PENTYLAMINE"
-783.900888552354 | -783.42131276 | job_121 | "1,1,2-TRICHLOROETHANE"
-783.900348619443 | -783.42086496 | job_122 | "4-METHYLPYRIDINE"
-783.897668600187 | -783.41843633 | job_123 | "N,N-DIMETHYLFORMAMIDE"
-783.900474539768 | -783.42091076 | job_124 | "2,4-DIMETHYLPYRIDINE"
-783.897606431640 | -783.41789975 | job_125 | "ACETIC ACID"
-783.900491115663 | -783.42104022 | job_126 | "3-METHYLPYRIDINE"
-783.900475089061 | -783.42110088 | job_127 | "PYRIDINE"
-783.900560935658 | -783.42116234 | job_128 | "5-NONANONE"
-783.900737637532 | -783.42121230 | job_129 | "2-METHYLPYRIDINE"
-783.899274892863 | -783.41914838 | job_13 | "N-NONANE"
-783.888935416143 | -783.40951936 | job_130 | "FORMAMIDE"
-783.900510926000 | -783.42111633 | job_131 | "2-HEPTANONE"
-783.901104784323 | -783.42174233 | job_132 | "BENZALDEHYDE"
-783.900406925701 | -783.42117589 | job_133 | "BUTANONITRILE"
-783.903918350305 | -783.42372889 | job_134 | "CHLOROFORM"
-783.900992835043 | -783.42160689 | job_135 | "BUTANAL"
-783.900398372916 | -783.42039609 | job_136 | "BUTYLAMINE"
-783.900968058922 | -783.42160807 | job_137 | "4-HEPTANONE"
-783.900771619373 | -783.42134501 | job_138 | "2-HEXANONE"
-783.900258802046 | -783.42114103 | job_139 | "PROPANONITRILE"
-783.899496764735 | -783.41934536 | job_14 | "CYCLOPENTANE"
-783.898279483518 | -783.41905539 | job_140 | "N,N-DIMETHYLACETAMIDE"
-783.894517457662 | -783.41520124 | job_141 | "FORMIC ACID"
-783.901046031253 | -783.42174127 | job_142 | "1,2-DICHLOROETHANE"
-783.900674674042 | -783.42092516 | job_143 | "N-METHYLANILINE"
-783.901415882270 | -783.42204326 | job_144 | "4-METHYL-2-PENTANONE"
-783.901008793430 | -783.42163147 | job_145 | "3-PENTANONE"
-783.901504995893 | -783.42211785 | job_146 | "2-PENTANONE"
-783.901121074305 | -783.42182595 | job_147 | "BUTANONE"
-783.899440649025 | -783.42029290 | job_148 | "ACETONITRILE"
-783.900976064806 | -783.42109431 | job_149 | "PROPYLAMINE"
-783.899589615777 | -783.41946900 | job_15 | "N-OCTANE"
-783.901528184593 | -783.42228640 | job_150 | "PROPANAL"
-783.902861111636 | -783.42351805 | job_151 | "Z-1,2-DICHLOROETHENE"
-783.903569268843 | -783.42420567 | job_152 | "DICHLOROMETHANE"
-783.901169836171 | -783.42193282 | job_153 | "ACETONE"
-783.899786929048 | -783.42005016 | job_154 | "O-CRESOL"
-783.899938492905 | -783.42000825 | job_155 | "ANILINE"
-783.892136476086 | -783.41270314 | job_156 | "1,2-ETHANEDIOL"
-783.902036902615 | -783.42232563 | job_157 | "TRIBUTYLPHOSPHATE"
-783.882611351131 | -783.40337478 | job_158 | "WATER"
-783.900919827820 | -783.42138629 | job_159 | "M-CRESOL"
-783.894749181798 | -783.41429385 | job_16 | "1,4-DIOXANE"
-783.900428723923 | -783.42101964 | job_160 | "1-DECANOL"
-783.899359415189 | -783.42012368 | job_161 | "2,2,2-TRIFLUOROETHANOL"
-783.900860196995 | -783.42150771 | job_162 | "1-NONANOL"
-783.901335064050 | -783.42207646 | job_163 | "1-OCTANOL"
-783.900001472318 | -783.42077595 | job_164 | "CYCLOPENTANOL"
-783.901399588619 | -783.42219272 | job_165 | "BENZYL ALCOHOL"
-783.899273158371 | -783.41975029 | job_166 | "2-METHOXYETHANOL"
-783.901595143484 | -783.42238270 | job_167 | "1-HEPTANOL"
-783.901975791541 | -783.42276942 | job_168 | "1-HEXANOL"
-783.903517367166 | -783.42420761 | job_169 | "2-METHYL-2-PROPANOL"
-783.899350955791 | -783.41929665 | job_17 | "METHYLCYCLOHEXANE"
-783.902233751376 | -783.42309377 | job_170 | "1-PENTANOL"
-783.898191539387 | -783.41903793 | job_171 | "N-METHYLFORMAMIDE"
-783.903005275666 | -783.42394351 | job_172 | "2-BUTANOL"
-783.902345320305 | -783.42329615 | job_173 | "1-BUTANOL"
-783.902546927144 | -783.42346855 | job_174 | "2-PROPEN-1-OL"
-783.903229232140 | -783.42415418 | job_175 | "2-METHYL-1-PROPANOL"
-783.903453695001 | -783.42449963 | job_176 | "2-PROPANOL"
-783.902877701693 | -783.42391323 | job_177 | "1-PROPANOL"
-783.903131854957 | -783.42424875 | job_178 | "ETHANOL"
-783.902706735907 | -783.42350064 | job_179 | "METHANOL"
-783.899958207914 | -783.41983484 | job_18 | "N-HEPTANE"
-783.895313388116 | -783.41544716 | job_19 | "PENTANOIC ACID"
-783.897379229744 | -783.41728787 | job_2 | "CIS-DECALIN"
-783.900372657174 | -783.42025191 | job_20 | "N-HEXANE"
-783.900609213988 | -783.42051833 | job_21 | "2,4-DIMETHYLPENTANE"
-783.900926837227 | -783.42080266 | job_22 | "N-PENTANE"
-783.900736969409 | -783.42063597 | job_23 | "2-METHYLPENTANE"
-783.900609513519 | -783.42050765 | job_24 | "2,2,4-TRIMETHYLPENTANE"
-783.899938786960 | -783.41955749 | job_25 | "E-1,2-DICHLOROETHENE"
-783.900349957203 | -783.42015287 | job_26 | "TETRACHLOROETHENE"
-783.901230094176 | -783.42125209 | job_27 | "PERFLUOROBENZENE"
-783.900797078584 | -783.42082214 | job_28 | "1-HEXENE"
-783.901407719384 | -783.42139036 | job_29 | "1-PENTENE"
-783.898069056555 | -783.41798374 | job_3 | "N-HEXADECANE"
-783.899865133958 | -783.41954349 | job_30 | "N-BUTYLBENZENE"
-783.901279217737 | -783.42092679 | job_31 | "E-2-PENTENE"
-783.895928178438 | -783.41548230 | job_32 | "BUTANOIC ACID"
-783.900094216933 | -783.41977768 | job_33 | "SEC-BUTYLBENZENE"
-783.900454467595 | -783.41971922 | job_34 | "P-ISOPROPYLTOLUENE"
-783.900310816143 | -783.41999351 | job_35 | "TERT-BUTYLBENZENE"
-783.900158034827 | -783.41981032 | job_36 | "1,2,4-TRIMETHYLBENZENE"
-783.900496660964 | -783.42023153 | job_37 | "CARBON DISULFIDE"
-783.900575870769 | -783.42022101 | job_38 | "MESITYLENE"
-783.900779664013 | -783.42042883 | job_39 | "P-XYLENE"
-783.898167706427 | -783.41807043 | job_4 | "N-PENTADECANE"
-783.900593759271 | -783.42030778 | job_40 | "ISOPROPYLBENZENE"
-783.900738254116 | -783.42010914 | job_41 | "M-XYLENE"
-783.899431421350 | -783.41935909 | job_42 | "TETRALIN"
-783.900725628452 | -783.42042922 | job_43 | "XYLENE"
-783.887774829300 | -783.40822702 | job_44 | "TETRAHYDROTHIOPHENE-S,S-DIOXIDE"
-783.900744181124 | -783.42046178 | job_45 | "ETHYLBENZENE"
-783.898221853919 | -783.41835644 | job_46 | "1-IODOHEXADECANE"
-783.902530726151 | -783.42224127 | job_47 | "CARBON TETRACHLORIDE"
-783.900638972690 | -783.42042310 | job_48 | "O-XYLENE"
-783.901587529600 | -783.42096016 | job_49 | "TOLUENE"
-783.897704829938 | -783.41762669 | job_5 | "DECALIN"
-783.902292067723 | -783.42196867 | job_50 | "BENZENE"
-783.901174962996 | -783.42090102 | job_51 | "THIOPHENE"
-783.896313941660 | -783.41567075 | job_52 | "PROPANOIC ACID"
-783.898820568768 | -783.41897767 | job_53 | "DIBUTYLETHER"
-783.900814708939 | -783.42074380 | job_54 | "1-HEXYNE"
-783.899433092707 | -783.41915442 | job_55 | "TRIETHYLAMINE"
-783.900568396258 | -783.42092208 | job_56 | "1-FLUOROOCTANE"
-783.899778389446 | -783.42010703 | job_57 | "ANISOLE"
-783.898997084832 | -783.41883652 | job_58 | "BROMOFORM"
-783.900010876168 | -783.42059898 | job_59 | "1-BROMOOCTANE"
-783.898635671972 | -783.41855030 | job_6 | "N-DODECANE"
-783.901155495303 | -783.42163260 | job_60 | "IODOBENZENE"
-783.900220716286 | -783.42012022 | job_61 | "ETHYL PHENYL ETHER"
-783.901595321187 | -783.42203382 | job_62 | "TRICHLOROETHENE"
-783.898431328887 | -783.41843177 | job_63 | "1,2-DIBROMOETHANE"
-783.901454192971 | -783.42199470 | job_64 | "O-CHLOROTOLUENE"
-783.899369005773 | -783.41883669 | job_65 | "DIPROPYLAMINE"
-783.900610653671 | -783.42043587 | job_66 | "THIOPHENOL"
-783.900788038948 | -783.42124402 | job_67 | "1-IODOPENTANE"
-783.901721567941 | -783.42166328 | job_68 | "DIISOPROPYL ETHER"
-783.898710483953 | -783.41875690 | job_69 | "METHYL BENZOATE"
-783.898028197214 | -783.41800887 | job_7 | "TRANS-DECALIN"
-783.901945197996 | -783.42237465 | job_70 | "BROMOBENZENE"
-783.899792903206 | -783.42001654 | job_71 | "PENTYL ETHANOATE"
-783.900969999615 | -783.42156482 | job_72 | "1-CHLOROHEXANE"
-783.899861137161 | -783.41998297 | job_73 | "BUTYL ETHANOATE"
-783.901021053676 | -783.42156831 | job_74 | "1-BROMOPENTANE"
-783.901234329900 | -783.42168418 | job_75 | "1-IODOBUTANE"
-783.901236370659 | -783.42161221 | job_76 | "IODOMETHANE"
-783.900226238373 | -783.42030912 | job_77 | "A-CHLOROTOLUENE"
-783.902341001599 | -783.42280102 | job_78 | "CHLOROBENZENE"
-783.893813053795 | -783.41442668 | job_79 | "DIMETHYLSULFOXIDE"
-783.894910038218 | -783.41488122 | job_8 | "HEXANOIC ACID"
-783.901270480231 | -783.42163328 | job_80 | "1-IODOPROPANE"
-783.900028582582 | -783.42002437 | job_81 | "METHYL BUTANOATE"
-783.901541034038 | -783.42199817 | job_82 | "1-CHLOROPENTANE"
-783.899946785559 | -783.42017118 | job_83 | "DIMETHYL DISULFIDE"
-783.900284087054 | -783.42028213 | job_84 | "PROPYL ETHANOATE"
-783.898933827426 | -783.41949138 | job_85 | "O-NITROTOLUENE"
-783.901648197304 | -783.42182343 | job_86 | "IODOETHANE"
-783.901299177806 | -783.42135434 | job_87 | "DIETHYL SULFIDE"
-783.901715139018 | -783.42199255 | job_88 | "O-DICHLOROBENZENE"
-783.900050876763 | -783.42017592 | job_89 | "METHYL PROPANOATE"
-783.898848985953 | -783.41864183 | job_9 | "CYCLOHEXANE"
-783.899552073648 | -783.41984833 | job_90 | "TETRAHYDROFURAN"
-783.899813401354 | -783.41998101 | job_91 | "METHYL ETHANOATE"
-783.900360132172 | -783.42050770 | job_92 | "ETHYL ETHANOATE"
-783.902210477713 | -783.42215162 | job_93 | "DIETHYL ETHER"
-783.905094121962 | -783.42523470 | job_94 | "DIPHENYLETHER"
-783.897952204712 | -783.41855015 | job_95 | "CYCLOHEXANONE"
-783.898400961835 | -783.41894675 | job_96 | "CYCLOPENTANONE"
-783.900644766263 | -783.42050189 | job_97 | "DIETHYLAMINE"
-783.901984009570 | -783.42255490 | job_98 | "1-BROMOPROPANE"
-783.903776779998 | -783.42428889 | job_99 | "FLUOROBENZENE"
