Energy | Free Energy | JobID | Solvent Name
-782.664580950716 | -782.20793990 | job_1 | "DIIODOMETHANE"
-782.672975476172 | -782.21610943 | job_10 | "N-DECANE"
-782.671800245151 | -782.21651058 | job_100 | "NITROMETHANE"
-782.676963579167 | -782.22026346 | job_101 | "1-BROMO-2-METHYLPROPANE"
-782.674608297137 | -782.21782435 | job_102 | "METHYL METHANOATE"
-782.675152731075 | -782.21924691 | job_103 | "DIBROMOMETHANE"
-782.676565981079 | -782.21979096 | job_104 | "ETHANETHIOL"
-782.673464326954 | -782.21756536 | job_105 | "NITROETHANE"
-782.674852632713 | -782.21895507 | job_106 | "NITROBENZENE"
-782.674387400208 | -782.21851074 | job_107 | "1-NITROPROPANE"
-782.674087680568 | -782.21836037 | job_108 | "ACETOPHENONE"
-782.675287959957 | -782.21849858 | job_109 | "ETHYL METHANOATE"
-782.673174304852 | -782.21635393 | job_11 | "N-UNDECANE"
-782.674565698161 | -782.21882349 | job_110 | "2-NITROPROPANE"
-782.674997105284 | -782.21918117 | job_111 | "BENZONITRILE"
-782.677400003764 | -782.22075576 | job_112 | "2-CHLOROBUTANE"
-782.678202684849 | -782.22146812 | job_113 | "1,1,1-TRICHLOROETHANE"
-782.677520973917 | -782.22087968 | job_114 | "1-CHLOROPROPANE"
-782.675076558483 | -782.21903145 | job_115 | "2,6-DIMETHYLPYRIDINE"
-782.675048314158 | -782.22062722 | job_116 | "PENTANAL"
-782.677532017728 | -782.22086822 | job_117 | "BROMOETHANE"
-782.677446033977 | -782.22077143 | job_118 | "2-BROMOPROPANE"
-782.675017695060 | -782.21991668 | job_119 | "2-OCTANONE"
-782.672886349256 | -782.21595563 | job_12 | "CIS-1,2-DIMETHYLCYCLOHEXANE"
-782.674425735293 | -782.21824254 | job_120 | "PENTYLAMINE"
-782.675467056509 | -782.21972104 | job_121 | "1,1,2-TRICHLOROETHANE"
-782.674933271611 | -782.21902424 | job_122 | "4-METHYLPYRIDINE"
-782.672313783951 | -782.21659007 | job_123 | "N,N-DIMETHYLFORMAMIDE"
-782.674935428333 | -782.21900569 | job_124 | "2,4-DIMETHYLPYRIDINE"
-782.671494176251 | -782.21537125 | job_125 | "ACETIC ACID"
-782.675067297557 | -782.21930522 | job_126 | "3-METHYLPYRIDINE"
-782.675088613392 | -782.21916052 | job_127 | "PYRIDINE"
-782.675072355238 | -782.22039849 | job_128 | "5-NONANONE"
-782.675243411940 | -782.21942722 | job_129 | "2-METHYLPYRIDINE"
-782.673222396046 | -782.21623420 | job_13 | "N-NONANE"
-782.663271248829 | -782.20792328 | job_130 | "FORMAMIDE"
-782.675108492338 | -782.21952015 | job_131 | "2-HEPTANONE"
-782.675855800932 | -782.22015294 | job_132 | "BENZALDEHYDE"
-782.675165753934 | -782.22037070 | job_133 | "BUTANONITRILE"
-782.678314616659 | -782.22237713 | job_134 | "CHLOROFORM"
-782.675653622205 | -782.22034536 | job_135 | "BUTANAL"
-782.674429401604 | -782.21869206 | job_136 | "BUTYLAMINE"
-782.675505612970 | -782.22038195 | job_137 | "4-HEPTANONE"
-782.675404020816 | -782.21986077 | job_138 | "2-HEXANONE"
-782.675082771199 | -782.21738959 | job_139 | "PROPANONITRILE"
-782.673440397309 | -782.21658442 | job_14 | "CYCLOPENTANE"
-782.672886692659 | -782.21703485 | job_140 | "N,N-DIMETHYLACETAMIDE"
-782.668725760717 | -782.21345140 | job_141 | "FORMIC ACID"
-782.675768584801 | -782.22014430 | job_142 | "1,2-DICHLOROETHANE"
-782.674881596825 | -782.22010931 | job_143 | "N-METHYLANILINE"
-782.676018493980 | -782.22036579 | job_144 | "4-METHYL-2-PENTANONE"
-782.675666360718 | -782.21969515 | job_145 | "3-PENTANONE"
-782.676137146996 | -782.22060865 | job_146 | "2-PENTANONE"
-782.675789374568 | -782.22020839 | job_147 | "BUTANONE"
-782.674266030129 | -782.21903359 | job_148 | "ACETONITRILE"
-782.675037506755 | -782.21937814 | job_149 | "PROPYLAMINE"
-782.673519706973 | -782.21648430 | job_15 | "N-OCTANE"
-782.676232966429 | -782.22070023 | job_150 | "PROPANAL"
-782.677556799987 | -782.22178306 | job_151 | "Z-1,2-DICHLOROETHENE"
-782.678253317968 | -782.22252573 | job_152 | "DICHLOROMETHANE"
-782.675824684516 | -782.22024372 | job_153 | "ACETONE"
-782.673866097194 | -782.21755127 | job_154 | "O-CRESOL"
-782.674210902267 | -782.21805995 | job_155 | "ANILINE"
-782.666291986370 | -782.21063185 | job_156 | "1,2-ETHANEDIOL"
-782.676026599269 | -782.22025408 | job_157 | "TRIBUTYLPHOSPHATE"
-782.657646247786 | -782.20240115 | job_158 | "WATER"
-782.675076307949 | -782.21736740 | job_159 | "M-CRESOL"
-782.668465035960 | -782.21116901 | job_16 | "1,4-DIOXANE"
-782.674592851124 | -782.21878450 | job_160 | "1-DECANOL"
-782.673671545366 | -782.21878956 | job_161 | "2,2,2-TRIFLUOROETHANOL"
-782.675061230452 | -782.21939412 | job_162 | "1-NONANOL"
-782.675568107882 | -782.22002045 | job_163 | "1-OCTANOL"
-782.674366920625 | -782.21894299 | job_164 | "CYCLOPENTANOL"
-782.675617302434 | -782.22075038 | job_165 | "BENZYL ALCOHOL"
-782.673468463993 | -782.21836026 | job_166 | "2-METHOXYETHANOL"
-782.675859289312 | -782.22030803 | job_167 | "1-HEPTANOL"
-782.676256165254 | -782.22110801 | job_168 | "1-HEXANOL"
-782.677737087410 | -782.22207150 | job_169 | "2-METHYL-2-PROPANOL"
-782.673332981440 | -782.21632814 | job_17 | "METHYLCYCLOHEXANE"
-782.676547764803 | -782.22101218 | job_170 | "1-PENTANOL"
-782.672658191118 | -782.21694771 | job_171 | "N-METHYLFORMAMIDE"
-782.677300295003 | -782.22192097 | job_172 | "2-BUTANOL"
-782.676680686266 | -782.21918394 | job_173 | "1-BUTANOL"
-782.676878997548 | -782.22163547 | job_174 | "2-PROPEN-1-OL"
-782.677543253923 | -782.22189194 | job_175 | "2-METHYL-1-PROPANOL"
-782.677770719645 | -782.22222783 | job_176 | "2-PROPANOL"
-782.677228496571 | -782.22183346 | job_177 | "1-PROPANOL"
-782.677501893159 | -782.22188024 | job_178 | "ETHANOL"
-782.677040899698 | -782.22158963 | job_179 | "METHANOL"
-782.673863985463 | -782.21690799 | job_18 | "N-HEPTANE"
-782.668707934920 | -782.21190014 | job_19 | "PENTANOIC ACID"
-782.671493228055 | -782.21459829 | job_2 | "CIS-DECALIN"
-782.674252733260 | -782.21733977 | job_20 | "N-HEXANE"
-782.674492444141 | -782.21760858 | job_21 | "2,4-DIMETHYLPENTANE"
-782.674768126932 | -782.21781141 | job_22 | "N-PENTANE"
-782.674615503078 | -782.21766961 | job_23 | "2-METHYLPENTANE"
-782.674518218764 | -782.21756608 | job_24 | "2,2,4-TRIMETHYLPENTANE"
-782.673834678511 | -782.21683515 | job_25 | "E-1,2-DICHLOROETHENE"
-782.674434361467 | -782.21731939 | job_26 | "TETRACHLOROETHENE"
-782.675180909713 | -782.21834921 | job_27 | "PERFLUOROBENZENE"
-782.674729998293 | -782.21781039 | job_28 | "1-HEXENE"
-782.675285171364 | -782.21831264 | job_29 | "1-PENTENE"
-782.672083224569 | -782.21515996 | job_3 | "N-HEXADECANE"
-782.673893668066 | -782.21680350 | job_30 | "N-BUTYLBENZENE"
-782.675192376675 | -782.21823973 | job_31 | "E-2-PENTENE"
-782.669403611621 | -782.21262892 | job_32 | "BUTANOIC ACID"
-782.674105207918 | -782.21701132 | job_33 | "SEC-BUTYLBENZENE"
-782.674388665392 | -782.21717792 | job_34 | "P-ISOPROPYLTOLUENE"
-782.674317891460 | -782.21723665 | job_35 | "TERT-BUTYLBENZENE"
-782.674155547162 | -782.21704119 | job_36 | "1,2,4-TRIMETHYLBENZENE"
-782.674663228164 | -782.21764557 | job_37 | "CARBON DISULFIDE"
-782.674522669121 | -782.21737159 | job_38 | "MESITYLENE"
-782.674746087029 | -782.21765628 | job_39 | "P-XYLENE"
-782.672176337822 | -782.21521239 | job_4 | "N-PENTADECANE"
-782.674606694276 | -782.21755807 | job_40 | "ISOPROPYLBENZENE"
-782.674738819650 | -782.21766530 | job_41 | "M-XYLENE"
-782.673586603157 | -782.21671052 | job_42 | "TETRALIN"
-782.674742942801 | -782.21774290 | job_43 | "XYLENE"
-782.662513901551 | -782.20644285 | job_44 | "TETRAHYDROTHIOPHENE-S,S-DIOXIDE"
-782.674786466982 | -782.21777129 | job_45 | "ETHYLBENZENE"
-782.672614110313 | -782.21622565 | job_46 | "1-IODOHEXADECANE"
-782.676557501403 | -782.21965310 | job_47 | "CARBON TETRACHLORIDE"
-782.674718078045 | -782.21776652 | job_48 | "O-XYLENE"
-782.675597446373 | -782.21848082 | job_49 | "TOLUENE"
-782.671804493458 | -782.21490034 | job_5 | "DECALIN"
-782.676244888981 | -782.21913334 | job_50 | "BENZENE"
-782.675312538663 | -782.21839130 | job_51 | "THIOPHENE"
-782.669891065606 | -782.21359809 | job_52 | "PROPANOIC ACID"
-782.672884594036 | -782.21627844 | job_53 | "DIBUTYLETHER"
-782.674824916162 | -782.21807963 | job_54 | "1-HEXYNE"
-782.673036041245 | -782.21407362 | job_55 | "TRIETHYLAMINE"
-782.675016594002 | -782.21927263 | job_56 | "1-FLUOROOCTANE"
-782.674157856503 | -782.21782601 | job_57 | "ANISOLE"
-782.673396413743 | -782.21733219 | job_58 | "BROMOFORM"
-782.674599070157 | -782.21850025 | job_59 | "1-BROMOOCTANE"
-782.672620755631 | -782.21575629 | job_6 | "N-DODECANE"
-782.675603962099 | -782.21863084 | job_60 | "IODOBENZENE"
-782.674500289812 | -782.21738217 | job_61 | "ETHYL PHENYL ETHER"
-782.675897684056 | -782.21953503 | job_62 | "TRICHLOROETHENE"
-782.672892377756 | -782.21674967 | job_63 | "1,2-DIBROMOETHANE"
-782.676008366270 | -782.21969748 | job_64 | "O-CHLOROTOLUENE"
-782.673130097160 | -782.21638599 | job_65 | "DIPROPYLAMINE"
-782.674971005596 | -782.21854401 | job_66 | "THIOPHENOL"
-782.675334839564 | -782.21855097 | job_67 | "1-IODOPENTANE"
-782.675838354002 | -782.21922653 | job_68 | "DIISOPROPYL ETHER"
-782.673149389042 | -782.21605822 | job_69 | "METHYL BENZOATE"
-782.672113452265 | -782.21518148 | job_7 | "TRANS-DECALIN"
-782.676487311249 | -782.21953494 | job_70 | "BROMOBENZENE"
-782.674060224973 | -782.21696546 | job_71 | "PENTYL ETHANOATE"
-782.675633013422 | -782.21985144 | job_72 | "1-CHLOROHEXANE"
-782.674155322172 | -782.21709313 | job_73 | "BUTYL ETHANOATE"
-782.675625478160 | -782.21888995 | job_74 | "1-BROMOPENTANE"
-782.675807410252 | -782.21896930 | job_75 | "1-IODOBUTANE"
-782.675864860278 | -782.21910102 | job_76 | "IODOMETHANE"
-782.674726314999 | -782.21775098 | job_77 | "A-CHLOROTOLUENE"
-782.676914839163 | -782.22006841 | job_78 | "CHLOROBENZENE"
-782.668446017193 | -782.21257063 | job_79 | "DIMETHYLSULFOXIDE"
-782.668279618312 | -782.21129117 | job_8 | "HEXANOIC ACID"
-782.675889907346 | -782.21913147 | job_80 | "1-IODOPROPANE"
-782.674371220138 | -782.21739276 | job_81 | "METHYL BUTANOATE"
-782.676164696298 | -782.21942957 | job_82 | "1-CHLOROPENTANE"
-782.674602174475 | -782.21766925 | job_83 | "DIMETHYL DISULFIDE"
-782.674618798411 | -782.21758523 | job_84 | "PROPYL ETHANOATE"
-782.673850903869 | -782.21794900 | job_85 | "O-NITROTOLUENE"
-782.676292512020 | -782.21954252 | job_86 | "IODOETHANE"
-782.675721241653 | -782.21884612 | job_87 | "DIETHYL SULFIDE"
-782.676580913756 | -782.22081812 | job_88 | "O-DICHLOROBENZENE"
-782.674431997661 | -782.21751040 | job_89 | "METHYL PROPANOATE"
-782.672835921126 | -782.21597655 | job_9 | "CYCLOHEXANE"
-782.673997881388 | -782.21697635 | job_90 | "TETRAHYDROFURAN"
-782.674246967610 | -782.21731234 | job_91 | "METHYL ETHANOATE"
-782.674729324751 | -782.21781086 | job_92 | "ETHYL ETHANOATE"
-782.676401059408 | -782.21931364 | job_93 | "DIETHYL ETHER"
-782.679296796601 | -782.22345666 | job_94 | "DIPHENYLETHER"
-782.672618629876 | -782.21666447 | job_95 | "CYCLOHEXANONE"
-782.673061836373 | -782.21707821 | job_96 | "CYCLOPENTANONE"
-782.674536153464 | -782.21812737 | job_97 | "DIETHYLAMINE"
-782.676661711189 | -782.21998001 | job_98 | "1-BROMOPROPANE"
-782.678281251194 | -782.22140684 | job_99 | "FLUOROBENZENE"
